// Jest Snapshot v1, https://goo.gl/fbAQLP

exports[`/Users/umidbekkarimov/Documents/Projects/dcodeteam/ts2md/src/parser/parsers/__tests__ variable-type.ts 1`] = `
Object {
  "nodes": Map {
    "FOO" => VariableParseResult {
      "defaultExported": false,
      "documentation": "",
      "documentationTags": Array [],
      "exported": true,
      "id": "FOO",
      "type": "number",
    },
    "BAR" => VariableParseResult {
      "defaultExported": false,
      "documentation": "",
      "documentationTags": Array [],
      "exported": true,
      "id": "BAR",
      "type": "number",
    },
    "BAZ" => VariableParseResult {
      "defaultExported": false,
      "documentation": "",
      "documentationTags": Array [],
      "exported": true,
      "id": "BAZ",
      "type": "string",
    },
    "QUOZ" => VariableParseResult {
      "defaultExported": false,
      "documentation": "",
      "documentationTags": Array [],
      "exported": true,
      "id": "QUOZ",
      "type": "string",
    },
  },
}
`;
