// Jest Snapshot v1, https://goo.gl/fbAQLP

exports[`/Users/umidbekkarimov/Documents/Projects/dcodeteam/ts2md/src/parser/parsers/__tests__ class-docs.ts 1`] = `
Object {
  "nodes": Map {
    "Calculator" => ClassParseResult {
      "constructors": Array [],
      "defaultExported": false,
      "documentation": "",
      "documentationTags": Array [],
      "exported": true,
      "extendedClass": null,
      "id": "Calculator",
      "implementedInterfaces": Array [],
      "kind": 238,
      "methods": Array [
        MethodParseResult {
          "accessibility": "public",
          "documentation": "",
          "documentationTags": Array [
            Object {
              "comment": "Adds provided \`numbers\`.",
              "tag": "description",
            },
            Object {
              "comment": "\`\`\`javascript
   * const result = calculator.add(1, 2, 3);
   * \`\`\`",
              "tag": "example",
            },
          ],
          "id": "add",
          "kind": 154,
          "parameters": Array [
            ParameterParseResult {
              "documentation": "",
              "documentationTags": Array [],
              "id": "numbers",
              "kind": 149,
              "type": "number[]",
            },
          ],
          "returnType": "number",
        },
        MethodParseResult {
          "accessibility": "public",
          "documentation": "",
          "documentationTags": Array [
            Object {
              "comment": "Subtracts provided \`numbers\`.",
              "tag": "description",
            },
            Object {
              "comment": "\`\`\`javascript
   * const result = calculator.subtract(1, 2, 3);
   * \`\`\`",
              "tag": "example",
            },
          ],
          "id": "subtract",
          "kind": 154,
          "parameters": Array [
            ParameterParseResult {
              "documentation": "",
              "documentationTags": Array [],
              "id": "numbers",
              "kind": 149,
              "type": "number[]",
            },
          ],
          "returnType": "number",
        },
      ],
    },
  },
}
`;

exports[`/Users/umidbekkarimov/Documents/Projects/dcodeteam/ts2md/src/parser/parsers/__tests__ variable-docs.ts 1`] = `
Object {
  "nodes": Map {
    "FOO" => VariableParseResult {
      "defaultExported": false,
      "documentation": "",
      "documentationTags": Array [],
      "exported": true,
      "id": "FOO",
      "kind": 235,
      "type": "string",
    },
  },
}
`;
