// Jest Snapshot v1, https://goo.gl/fbAQLP

exports[`function function-arguments.ts 1`] = `""`;
