// Jest Snapshot v1, https://goo.gl/fbAQLP

exports[`variable variable-docs.ts 1`] = `""`;

exports[`variable variable-type.ts 1`] = `""`;
